// Jest Snapshot v1, https://goo.gl/fbAQLP

exports[`Button renders correctly 1`] = `
<button
  className="float-right rounded bg-white p-2 font-medium transition-all hover:shadow-lg active:outline active:outline-emerald-400"
  onAnimationEnd={[Function]}
  onClick={[Function]}
/>
`;
