// Jest Snapshot v1, https://goo.gl/fbAQLP

exports[`MenuRunElement renders correctly 1`] = `
<div
  className="non-draggable font-rubik flex items-stretch rounded-lg border bg-white transition-all hover:shadow-lg"
  onAnimationEnd={[Function]}
>
  <div
    className="flex h-[30px] items-center rounded-l-lg border-r px-2 py-1 cursor-not-allowed"
    onClick={[Function]}
    title="Wrong type of file"
  >
    Run
  </div>
  <div
    className="relative flex w-full cursor-pointer items-center rounded-r-lg px-1 py-1 active:bg-gray-200 active:shadow-inner"
  >
    <div
      className="flex flex-col justify-center"
    >
      <div
        className="h-full"
        onClick={[Function]}
      >
        <div
          className="h-full"
        >
          <svg
            fill="currentColor"
            height={18}
            stroke="currentColor"
            strokeWidth="0"
            style={
              {
                "color": undefined,
              }
            }
            viewBox="0 0 512 512"
            width={18}
            xmlns="http://www.w3.org/2000/svg"
          >
            <path
              d="M128 192l128 128 128-128z"
            />
          </svg>
        </div>
      </div>
    </div>
  </div>
</div>
`;
